Microchip MPLAB XC8 Compiler V2.32

Linker command line:

-W-3 --edf=C:\Program Files\Microchip\xc8\v2.32\pic\dat\en_msgs.txt -cn \
  -h+dist/default/production\PROGRAMA_38kHz_V1.X.production.sym \
  --cmf=dist/default/production\PROGRAMA_38kHz_V1.X.production.cmf -z \
  -Q16F887 -oC:\Users\Alumno\AppData\Local\Temp\xcAs368.4 \
  --defsym=__MPLAB_BUILD=1 \
  -Mdist/default/production/PROGRAMA_38kHz_V1.X.production.map -E1 \
  -ver=XC8 Compiler --acfsm=1493 -ASTACK=0110h-016Fh -pstack=STACK \
  -ACODE=00h-07FFhx4 -ASTRCODE=00h-01FFFh -ASTRING=00h-0FFhx32 \
  -ACONST=00h-0FFhx32 -AENTRY=00h-0FFhx32 -ACOMMON=070h-07Fh \
  -ABANK0=020h-06Fh -ABANK1=0A0h-0EFh -ABANK2=0110h-016Fh \
  -ABANK3=0190h-01EFh -ARAM=020h-06Fh,0A0h-0EFh,0110h-016Fh,0190h-01EFh \
  -AABS1=020h-07Fh,0A0h-0EFh,0110h-016Fh,0190h-01EFh -ASFR0=00h-01Fh \
  -ASFR1=080h-09Fh -ASFR2=0100h-010Fh -ASFR3=0180h-018Fh \
  -ACONFIG=02007h-02008h -DCONFIG=2 -AIDLOC=02000h-02003h -DIDLOC=2 \
  -AEEDATA=00h-0FFh/02100h -peeprom_data=EEDATA -DEEDATA=2 -DCODE=2 \
  -DSTRCODE=2 -DSTRING=2 -DCONST=2 -DENTRY=2 \
  -preset_vec=00h,intentry=04h,init,end_init -ppowerup=CODE -pcinit=CODE \
  -pfunctab=ENTRY -k C:\Users\Alumno\AppData\Local\Temp\xcAs368.o \
  dist/default/production\PROGRAMA_38kHz_V1.X.production.o 

Object code version is 3.11

Machine type is 16F887



                Name                               Link     Load   Length Selector   Space Scale
C:\Users\Alumno\AppData\Local\Temp\xcAs368.o
                end_init                              C        C        3        8       0
                reset_vec                             0        0        3        0       0
                config                             2007     2007        2        0       4
dist/default/production\PROGRAMA_38kHz_V1.X.production.o
                cinit                                 F        F       1C        8       0
                intentry                              4        4        8        8       0
                config                             2007     2007        2        0       4
                text10                              173      173       14      264       0
                text9                               1A6      1A6        1      264       0
                text8                               187      187        D      264       0
                text7                                9D       9D       42        8       0
                text6                               19C      19C        7      264       0
                text5                               15F      15F       14      264       0
                text4                                DF       DF       37        8       0
                text3                               149      149       16      264       0
                text2                               132      132       17      264       0
                text1                               1A5      1A5        1      264       0
                maintext                             2B       2B       72        8       0
                cstackBANK0                          46       46        4       20       1
                cstackCOMMON                         70       70        8       70       1
                clrtext                             194      194        8      264       0
                dataBANK0                            4A       4A        2       20       1
                bssBANK0                             20       20       26       20       1
                bssCOMMON                            78       78        3       70       1
                strings                             116      116       1C      22C       0
                idataBANK0                          1A3      1A3        2      264       0

TOTAL           Name                               Link     Load   Length     Space
        CLASS   STACK          

        CLASS   CODE           
                end_init                              C        C        3         0
                cinit                                 F        F       1C         0
                intentry                              4        4        8         0
                reset_vec                             0        0        3         0
                text10                              173      173       14         0
                text9                               1A6      1A6        1         0
                text8                               187      187        D         0
                text7                                9D       9D       42         0
                text6                               19C      19C        7         0
                text5                               15F      15F       14         0
                text4                                DF       DF       37         0
                text3                               149      149       16         0
                text2                               132      132       17         0
                text1                               1A5      1A5        1         0
                maintext                             2B       2B       72         0
                clrtext                             194      194        8         0
                idataBANK0                          1A3      1A3        2         0

        CLASS   STRCODE        

        CLASS   STRING         
                strings                             116      116       1C         0

        CLASS   CONST          

        CLASS   ENTRY          

        CLASS   COMMON         
                cstackCOMMON                         70       70        8         1
                bssCOMMON                            78       78        3         1

        CLASS   BANK0          
                cstackBANK0                          46       46        4         1
                dataBANK0                            4A       4A        2         1
                bssBANK0                             20       20       26         1

        CLASS   BANK1          

        CLASS   BANK2          

        CLASS   BANK3          

        CLASS   RAM            

        CLASS   ABS1           
                abs_s1                               7E       7E        2         1

        CLASS   SFR0           

        CLASS   SFR1           

        CLASS   SFR2           

        CLASS   SFR3           

        CLASS   CONFIG         
                config                             2007     2007        2         4

        CLASS   IDLOC          

        CLASS   EEDATA         



SEGMENTS        Name                           Load    Length   Top    Selector   Space  Class     Delta

                reset_vec                      000000  000003  000003         0       0  CODE        2
                intentry                       000004  000112  000116         8       0  CODE        2
                bssBANK0                       000020  00002C  00004C        20       1  BANK0       1
                cstackCOMMON                   000070  00000B  00007B        70       1  COMMON      1
                strings                        000116  00001C  000132       22C       0  STRING      2
                text2                          000132  000075  0001A7       264       0  CODE        2


UNUSED ADDRESS RANGES

        Name                Unused          Largest block    Delta
        BANK0            004C-006F             24           1
        BANK1            00A0-00EF             50           1
        BANK2            0110-016F             60           1
        BANK3            0190-01EF             60           1
        CODE             0003-0003              1           2
                         01A7-1FFF            800
        COMMON           007B-007D              3           1
        CONST            0003-0003              1           2
                         01A7-1FFF            100
        EEDATA           2100-21FF            100           2
        ENTRY            0003-0003              1           2
                         01A7-1FFF            100
        IDLOC            2000-2003              4           2
        RAM              004C-006F             24           1
                         00A0-00EF             50
                         0110-016F             60
                         0190-01EF             60
        SFR0             0000-001F             20           1
        SFR1             0080-009F             20           1
        SFR2             0100-010F             10           1
        SFR3             0180-018F             10           1
        STACK            0110-016F             60           1
        STRCODE          0003-0003              1           2
                         01A7-1FFF           1E59
        STRING           0003-0003              1           2
                         01A7-1FFF            100

                                  Symbol Table

?_tickRead                     cstackCOMMON 0073
_ANSEL                         (abs)        0188
_ANSELH                        (abs)        0189
_ActualizarRONDA               text7        009D
_BRGH                          (abs)        04C2
_CCP1CON                       (abs)        0017
_CCP1IE                        (abs)        0462
_CCPR1                         (abs)        0015
_CREN                          (abs)        00C4
_GIE                           (abs)        005F
_InicializarMEF                text9        01A6
_Mostrar_Tiempo                bssBANK0     0039
_OPTION_REGbits                (abs)        0081
_PEIE                          (abs)        005E
_PORTAbits                     (abs)        0005
_PORTBbits                     (abs)        0006
_PORTCbits                     (abs)        0007
_PORTD                         (abs)        0008
_PORTDbits                     (abs)        0008
_PORTEbits                     (abs)        0009
_PS0                           (abs)        0408
_PS1                           (abs)        0409
_PS2                           (abs)        040A
_PSA                           (abs)        040B
_RCIF                          (abs)        0065
_RCREG                         (abs)        001A
_SPBRG                         (abs)        0099
_SPEN                          (abs)        00C7
_SYNC                          (abs)        04C4
_Send_buf                      bssBANK0     003C
_T0CS                          (abs)        040D
_T0IF                          (abs)        005A
_T1CKPS0                       (abs)        0084
_T1CKPS1                       (abs)        0085
_TMR0                          (abs)        0001
_TMR0IE                        (abs)        005D
_TMR0IF                        (abs)        005A
_TMR1CS                        (abs)        0081
_TMR1ON                        (abs)        0080
_TRISAbits                     (abs)        0085
_TRISBbits                     (abs)        0086
_TRISC6                        (abs)        043E
_TRISC7                        (abs)        043F
_TRISCbits                     (abs)        0087
_TRISD                         (abs)        0088
_TRISDbits                     (abs)        0088
_TRISEbits                     (abs)        0089
_TXEN                          (abs)        04C5
_TXIF                          (abs)        0064
_TXREG                         (abs)        0019
_Tiempo1                       bssBANK0     003B
_VIDAS                         bssBANK0     0036
__Habs1                        abs1         0000
__Hbank0                       bank0        0000
__Hbank1                       bank1        0000
__Hbank2                       bank2        0000
__Hbank3                       bank3        0000
__HbssBANK0                    bssBANK0     0000
__HbssCOMMON                   bssCOMMON    0000
__Hcinit                       cinit        002B
__Hclrtext                     clrtext      0000
__Hcode                        code         0000
__Hcommon                      common       0000
__Hconfig                      config       2009
__HcstackBANK0                 cstackBANK0  0000
__HcstackCOMMON                cstackCOMMON 0000
__HdataBANK0                   dataBANK0    0000
__Heeprom_data                 eeprom_data  0000
__Hend_init                    end_init     000F
__Hfunctab                     functab      0000
__HidataBANK0                  idataBANK0   0000
__Hinit                        init         000C
__Hintentry                    intentry     000C
__Hmaintext                    maintext     0000
__Hpowerup                     powerup      0000
__Hram                         ram          0000
__Hreset_vec                   reset_vec    0003
__Hsfr0                        sfr0         0000
__Hsfr1                        sfr1         0000
__Hsfr2                        sfr2         0000
__Hsfr3                        sfr3         0000
__Hspace_0                     (abs)        01A7
__Hspace_1                     (abs)        007B
__Hspace_2                     (abs)        0000
__Hspace_3                     (abs)        0000
__Hspace_4                     (abs)        4010
__Hstack                       stack        0000
__Hstrings                     strings      0000
__Htext                        text         0000
__Labs1                        abs1         0000
__Lbank0                       bank0        0000
__Lbank1                       bank1        0000
__Lbank2                       bank2        0000
__Lbank3                       bank3        0000
__LbssBANK0                    bssBANK0     0000
__LbssCOMMON                   bssCOMMON    0000
__Lcinit                       cinit        000F
__Lclrtext                     clrtext      0000
__Lcode                        code         0000
__Lcommon                      common       0000
__Lconfig                      config       0000
__LcstackBANK0                 cstackBANK0  0000
__LcstackCOMMON                cstackCOMMON 0000
__LdataBANK0                   dataBANK0    0000
__Leeprom_data                 eeprom_data  0000
__Lend_init                    end_init     000C
__Lfunctab                     functab      0000
__LidataBANK0                  idataBANK0   0000
__Linit                        init         000C
__Lintentry                    intentry     0004
__Lmaintext                    maintext     0000
__Lpowerup                     powerup      0000
__Lram                         ram          0000
__Lreset_vec                   reset_vec    0000
__Lsfr0                        sfr0         0000
__Lsfr1                        sfr1         0000
__Lsfr2                        sfr2         0000
__Lsfr3                        sfr3         0000
__Lspace_0                     (abs)        0000
__Lspace_1                     (abs)        0000
__Lspace_2                     (abs)        0000
__Lspace_3                     (abs)        0000
__Lspace_4                     (abs)        0000
__Lstack                       stack        0000
__Lstrings                     strings      0000
__Ltext                        text         0000
__S0                           (abs)        01A7
__S1                           (abs)        007B
__S2                           (abs)        0000
__S3                           (abs)        0000
___int_sp                      stack        0000
___latbits                     (abs)        0002
___sp                          stack        0000
___stackhi                     (abs)        0000
___stacklo                     (abs)        0000
__end_of_ActualizarRONDA       text7        00DF
__end_of_InicializarMEF        text9        01A7
__end_of__initialization       cinit        0027
__end_of__stringtab            strings      011C
__end_of_appInit               text4        0116
__end_of_displaytInit          text6        01A3
__end_of_gatilloAP             text3        015F
__end_of_isr                   text10       0187
__end_of_main                  maintext     009D
__end_of_rx_LSR                text2        0149
__end_of_sumar_vida            text1        01A6
__end_of_tickRead              text8        0194
__end_of_uartInit              text5        0173
__end_of_usuario_1             strings      012E
__end_of_usuario_2             strings      012A
__end_ofdisplayWrite@tabla7seg strings      0126
__initialization               cinit        000F
__pbssBANK0                    bssBANK0     0020
__pbssCOMMON                   bssCOMMON    0078
__pcstackBANK0                 cstackBANK0  0046
__pcstackCOMMON                cstackCOMMON 0070
__pdataBANK0                   dataBANK0    004A
__pidataBANK0                  idataBANK0   01A3
__pintentry                    intentry     0004
__pmaintext                    maintext     002B
__pstrings                     strings      0116
__ptext1                       text1        01A5
__ptext10                      text10       0173
__ptext2                       text2        0132
__ptext3                       text3        0149
__ptext4                       text4        00DF
__ptext5                       text5        015F
__ptext6                       text6        019C
__ptext7                       text7        009D
__ptext8                       text8        0187
__ptext9                       text9        01A6
__size_of_ActualizarRONDA      (abs)        0000
__size_of_InicializarMEF       (abs)        0000
__size_of_appInit              (abs)        0000
__size_of_displaytInit         (abs)        0000
__size_of_gatilloAP            (abs)        0000
__size_of_isr                  (abs)        0000
__size_of_main                 (abs)        0000
__size_of_rx_LSR               (abs)        0000
__size_of_sumar_vida           (abs)        0000
__size_of_tickRead             (abs)        0000
__size_of_uartInit             (abs)        0000
__stringbase                   strings      011B
__stringtab                    strings      0116
_appInit                       text4        00DF
_cont_balas                    dataBANK0    004A
_displaytInit                  text6        019C
_estadoActualGAT               bssBANK0     0035
_estadoActualRONDA             bssCOMMON    0078
_gatilloAP                     text3        0149
_isr                           text10       0173
_main                          maintext     002B
_putch                         (abs)        0000
_rx_LSR                        text2        0132
_sumar_vida                    text1        01A5
_tInicioBALAS                  bssBANK0     002E
_tInicioGAT                    bssBANK0     0030
_tInicioRonda                  bssCOMMON    0079
_tickCounter                   bssBANK0     002C
_tickRead                      text8        0187
_uartInit                      text5        015F
btemp                          (abs)        007E
clear_ram0                     clrtext      0194
displayWrite@tabla7seg         strings      011C
end_of_initialization          cinit        0027
interrupt_function             intentry     0004
intlevel0                      functab      0000
intlevel1                      functab      0000
intlevel2                      functab      0000
intlevel3                      functab      0000
intlevel4                      functab      0000
intlevel5                      functab      0000
main@i                         cstackCOMMON 0077
reset_vec                      reset_vec    0000
saved_w                        (abs)        007E
start                          init         000C
start_initialization           cinit        000F
tickRead@aux                   cstackCOMMON 0075
wtemp0                         (abs)        007E


MODULE INFORMATION

Module		Function		Class		Link	Load	Size
tick.c
		_tickRead      		CODE           	0187	0000	13

tick.c estimated size: 13

uart.c
		_uartInit      		CODE           	015F	0000	20

uart.c estimated size: 20

interrupts.c
		_isr           		CODE           	0173	0000	20

interrupts.c estimated size: 20

shared
		__stringtab    		STRING         	0116	0000	6
		_usuario_1     		STRING         	0000	0000	0
		_usuario_2     		STRING         	0000	0000	0
		__initialization		CODE           	000F	0000	24
		displayWrite@tabla7seg		STRING         	011C	0000	10

shared estimated size: 40

display.c
		_displaytInit  		CODE           	019C	0000	7

display.c estimated size: 7

user.c
		_appInit       		CODE           	00DF	0000	55

user.c estimated size: 55

main.c
		_InicializarMEF		CODE           	01A6	0000	1
		_main          		CODE           	002B	0000	114
		_sumar_vida    		CODE           	01A5	0000	1
		_gatilloAP     		CODE           	0149	0000	22
		_ActualizarRONDA		CODE           	009D	0000	66
		_rx_LSR        		CODE           	0132	0000	23

main.c estimated size: 227

