Microchip MPLAB XC8 Compiler V2.32

Linker command line:

-W-3 --edf=C:\Program Files\Microchip\xc8\v2.32\pic\dat\en_msgs.txt -cn \
  -h+dist/default/production\PROGRAMA_38kHz_V1.X.production.sym \
  --cmf=dist/default/production\PROGRAMA_38kHz_V1.X.production.cmf -z \
  -Q16F887 -oC:\Users\Alumno\AppData\Local\Temp\xcAs25o.4 \
  --defsym=__MPLAB_BUILD=1 \
  -Mdist/default/production/PROGRAMA_38kHz_V1.X.production.map -E1 \
  -ver=XC8 Compiler --acfsm=1493 -ASTACK=0110h-016Fh -pstack=STACK \
  -ACODE=00h-07FFhx4 -ASTRCODE=00h-01FFFh -ASTRING=00h-0FFhx32 \
  -ACONST=00h-0FFhx32 -AENTRY=00h-0FFhx32 -ACOMMON=070h-07Fh \
  -ABANK0=020h-06Fh -ABANK1=0A0h-0EFh -ABANK2=0110h-016Fh \
  -ABANK3=0190h-01EFh -ARAM=020h-06Fh,0A0h-0EFh,0110h-016Fh,0190h-01EFh \
  -AABS1=020h-07Fh,0A0h-0EFh,0110h-016Fh,0190h-01EFh -ASFR0=00h-01Fh \
  -ASFR1=080h-09Fh -ASFR2=0100h-010Fh -ASFR3=0180h-018Fh \
  -ACONFIG=02007h-02008h -DCONFIG=2 -AIDLOC=02000h-02003h -DIDLOC=2 \
  -AEEDATA=00h-0FFh/02100h -peeprom_data=EEDATA -DEEDATA=2 -DCODE=2 \
  -DSTRCODE=2 -DSTRING=2 -DCONST=2 -DENTRY=2 \
  -preset_vec=00h,intentry=04h,init,end_init -ppowerup=CODE -pcinit=CODE \
  -pfunctab=ENTRY -k C:\Users\Alumno\AppData\Local\Temp\xcAs25o.o \
  dist/default/production\PROGRAMA_38kHz_V1.X.production.o 

Object code version is 3.11

Machine type is 16F887



                Name                               Link     Load   Length Selector   Space Scale
C:\Users\Alumno\AppData\Local\Temp\xcAs25o.o
                end_init                              C        C        3        8       0
                reset_vec                             0        0        3        0       0
                config                             2007     2007        2        0       4
dist/default/production\PROGRAMA_38kHz_V1.X.production.o
                cinit                                 F        F       13        8       0
                intentry                              4        4        8        8       0
                config                             2007     2007        2        0       4
                text5                                D3       D3       14        8       0
                text4                                F7       F7        7      1EE       0
                text3                                BF       BF       14        8       0
                text2                                72       72       35        8       0
                text1                                A7       A7       18        8       0
                maintext                             22       22       50        8       0
                cstackBANK0                          28       28        2       20       1
                cstackCOMMON                         70       70        6       70       1
                bssBANK0                             20       20        8       20       1
                bssCOMMON                            76       76        5       70       1
                strings                              E7       E7       10      1CE       0

TOTAL           Name                               Link     Load   Length     Space
        CLASS   STACK          

        CLASS   CODE           
                end_init                              C        C        3         0
                cinit                                 F        F       13         0
                intentry                              4        4        8         0
                reset_vec                             0        0        3         0
                text5                                D3       D3       14         0
                text4                                F7       F7        7         0
                text3                                BF       BF       14         0
                text2                                72       72       35         0
                text1                                A7       A7       18         0
                maintext                             22       22       50         0

        CLASS   STRCODE        

        CLASS   STRING         
                strings                              E7       E7       10         0

        CLASS   CONST          

        CLASS   ENTRY          

        CLASS   COMMON         
                cstackCOMMON                         70       70        6         1
                bssCOMMON                            76       76        5         1

        CLASS   BANK0          
                cstackBANK0                          28       28        2         1
                bssBANK0                             20       20        8         1

        CLASS   BANK1          

        CLASS   BANK2          

        CLASS   BANK3          

        CLASS   RAM            

        CLASS   ABS1           
                abs_s1                               7E       7E        2         1

        CLASS   SFR0           

        CLASS   SFR1           

        CLASS   SFR2           

        CLASS   SFR3           

        CLASS   CONFIG         
                config                             2007     2007        2         4

        CLASS   IDLOC          

        CLASS   EEDATA         



SEGMENTS        Name                           Load    Length   Top    Selector   Space  Class     Delta

                reset_vec                      000000  000003  000003         0       0  CODE        2
                intentry                       000004  0000E3  0000E7         8       0  CODE        2
                bssBANK0                       000020  00000A  00002A        20       1  BANK0       1
                cstackCOMMON                   000070  00000B  00007B        70       1  COMMON      1
                strings                        0000E7  000010  0000F7       1CE       0  STRING      2
                text4                          0000F7  000007  0000FE       1EE       0  CODE        2


UNUSED ADDRESS RANGES

        Name                Unused          Largest block    Delta
        BANK0            002A-006F             46           1
        BANK1            00A0-00EF             50           1
        BANK2            0110-016F             60           1
        BANK3            0190-01EF             60           1
        CODE             0003-0003              1           2
                         00FE-1FFF            800
        COMMON           007B-007D              3           1
        CONST            0003-0003              1           2
                         00FE-1FFF            100
        EEDATA           2100-21FF            100           2
        ENTRY            0003-0003              1           2
                         00FE-1FFF            100
        IDLOC            2000-2003              4           2
        RAM              002A-006F             46           1
                         00A0-00EF             50
                         0110-016F             60
                         0190-01EF             60
        SFR0             0000-001F             20           1
        SFR1             0080-009F             20           1
        SFR2             0100-010F             10           1
        SFR3             0180-018F             10           1
        STACK            0110-016F             60           1
        STRCODE          0003-0003              1           2
                         00FE-1FFF           1F02
        STRING           0003-0003              1           2
                         00FE-1FFF            100

                                  Symbol Table

_ANSEL                         (abs)        0188
_ANSELH                        (abs)        0189
_BRGH                          (abs)        04C2
_CCP1CON                       (abs)        0017
_CCP1IE                        (abs)        0462
_CCPR1                         (abs)        0015
_CREN                          (abs)        00C4
_GIE                           (abs)        005F
_Mostrar_Tiempo                bssBANK0     0024
_OPTION_REGbits                (abs)        0081
_PEIE                          (abs)        005E
_PORTAbits                     (abs)        0005
_PORTD                         (abs)        0008
_PORTEbits                     (abs)        0009
_PS0                           (abs)        0408
_PS1                           (abs)        0409
_PS2                           (abs)        040A
_PSA                           (abs)        040B
_RCIF                          (abs)        0065
_RCREG                         (abs)        001A
_SPBRG                         (abs)        0099
_SPEN                          (abs)        00C7
_SYNC                          (abs)        04C4
_T0CS                          (abs)        040D
_T0IF                          (abs)        005A
_T1CKPS0                       (abs)        0084
_T1CKPS1                       (abs)        0085
_TMR0                          (abs)        0001
_TMR0IE                        (abs)        005D
_TMR0IF                        (abs)        005A
_TMR1CS                        (abs)        0081
_TMR1ON                        (abs)        0080
_TRISAbits                     (abs)        0085
_TRISC6                        (abs)        043E
_TRISC7                        (abs)        043F
_TRISCbits                     (abs)        0087
_TRISD                         (abs)        0088
_TRISEbits                     (abs)        0089
_TXEN                          (abs)        04C5
_TXIF                          (abs)        0064
_TXREG                         (abs)        0019
_Tiempo0                       bssCOMMON    0078
_Tiempo1                       bssBANK0     0026
__Habs1                        abs1         0000
__Hbank0                       bank0        0000
__Hbank1                       bank1        0000
__Hbank2                       bank2        0000
__Hbank3                       bank3        0000
__HbssBANK0                    bssBANK0     0000
__HbssCOMMON                   bssCOMMON    0000
__Hcinit                       cinit        0022
__Hclrtext                     clrtext      0000
__Hcode                        code         0000
__Hcommon                      common       0000
__Hconfig                      config       2009
__HcstackBANK0                 cstackBANK0  0000
__HcstackCOMMON                cstackCOMMON 0000
__Heeprom_data                 eeprom_data  0000
__Hend_init                    end_init     000F
__Hfunctab                     functab      0000
__Hinit                        init         000C
__Hintentry                    intentry     000C
__Hmaintext                    maintext     0000
__Hpowerup                     powerup      0000
__Hram                         ram          0000
__Hreset_vec                   reset_vec    0003
__Hsfr0                        sfr0         0000
__Hsfr1                        sfr1         0000
__Hsfr2                        sfr2         0000
__Hsfr3                        sfr3         0000
__Hspace_0                     (abs)        00FE
__Hspace_1                     (abs)        007B
__Hspace_2                     (abs)        0000
__Hspace_3                     (abs)        0000
__Hspace_4                     (abs)        4010
__Hstack                       stack        0000
__Hstrings                     strings      0000
__Htext                        text         0000
__Labs1                        abs1         0000
__Lbank0                       bank0        0000
__Lbank1                       bank1        0000
__Lbank2                       bank2        0000
__Lbank3                       bank3        0000
__LbssBANK0                    bssBANK0     0000
__LbssCOMMON                   bssCOMMON    0000
__Lcinit                       cinit        000F
__Lclrtext                     clrtext      0000
__Lcode                        code         0000
__Lcommon                      common       0000
__Lconfig                      config       0000
__LcstackBANK0                 cstackBANK0  0000
__LcstackCOMMON                cstackCOMMON 0000
__Leeprom_data                 eeprom_data  0000
__Lend_init                    end_init     000C
__Lfunctab                     functab      0000
__Linit                        init         000C
__Lintentry                    intentry     0004
__Lmaintext                    maintext     0000
__Lpowerup                     powerup      0000
__Lram                         ram          0000
__Lreset_vec                   reset_vec    0000
__Lsfr0                        sfr0         0000
__Lsfr1                        sfr1         0000
__Lsfr2                        sfr2         0000
__Lsfr3                        sfr3         0000
__Lspace_0                     (abs)        0000
__Lspace_1                     (abs)        0000
__Lspace_2                     (abs)        0000
__Lspace_3                     (abs)        0000
__Lspace_4                     (abs)        0000
__Lstack                       stack        0000
__Lstrings                     strings      0000
__Ltext                        text         0000
__S0                           (abs)        00FE
__S1                           (abs)        007B
__S2                           (abs)        0000
__S3                           (abs)        0000
___int_sp                      stack        0000
___latbits                     (abs)        0002
___sp                          stack        0000
___stackhi                     (abs)        0000
___stacklo                     (abs)        0000
__end_of__initialization       cinit        001E
__end_of__stringtab            strings      00ED
__end_of_appInit               text2        00A7
__end_of_displaytInit          text4        00FE
__end_of_func_interup_boton    text1        00BF
__end_of_isr                   text5        00E7
__end_of_main                  maintext     0072
__end_of_uartInit              text3        00D3
__end_ofdisplayWrite@tabla7seg strings      00F7
__initialization               cinit        000F
__pbssBANK0                    bssBANK0     0020
__pbssCOMMON                   bssCOMMON    0076
__pcstackBANK0                 cstackBANK0  0028
__pcstackCOMMON                cstackCOMMON 0070
__pintentry                    intentry     0004
__pmaintext                    maintext     0022
__pstrings                     strings      00E7
__ptext1                       text1        00A7
__ptext2                       text2        0072
__ptext3                       text3        00BF
__ptext4                       text4        00F7
__ptext5                       text5        00D3
__size_of_appInit              (abs)        0000
__size_of_displaytInit         (abs)        0000
__size_of_func_interup_boton   (abs)        0000
__size_of_isr                  (abs)        0000
__size_of_main                 (abs)        0000
__size_of_uartInit             (abs)        0000
__stringbase                   strings      00EC
__stringtab                    strings      00E7
_appInit                       text2        0072
_displaytInit                  text4        00F7
_func_interup_boton            text1        00A7
_isr                           text5        00D3
_main                          maintext     0022
_tickCounter                   bssCOMMON    0076
_uartInit                      text3        00BF
btemp                          (abs)        007E
displayWrite@tabla7seg         strings      00ED
end_of_initialization          cinit        001E
interrupt_function             intentry     0004
intlevel0                      functab      0000
intlevel1                      functab      0000
intlevel2                      functab      0000
intlevel3                      functab      0000
intlevel4                      functab      0000
intlevel5                      functab      0000
main@i                         cstackCOMMON 0075
reset_vec                      reset_vec    0000
saved_w                        (abs)        007E
start                          init         000C
start_initialization           cinit        000F
wtemp0                         (abs)        007E


MODULE INFORMATION

Module		Function		Class		Link	Load	Size
uart.c
		_uartInit      		CODE           	00BF	0000	20

uart.c estimated size: 20

interrupts.c
		_isr           		CODE           	00D3	0000	20

interrupts.c estimated size: 20

shared
		__stringtab    		STRING         	00E7	0000	6
		__initialization		CODE           	000F	0000	15
		displayWrite@tabla7seg		STRING         	00ED	0000	10

shared estimated size: 31

display.c
		_displaytInit  		CODE           	00F7	0000	7

display.c estimated size: 7

user.c
		_appInit       		CODE           	0072	0000	53

user.c estimated size: 53

main.c
		_main          		CODE           	0022	0000	80
		_func_interup_boton		CODE           	00A7	0000	24

main.c estimated size: 104

